// Jest Snapshot v1, https://goo.gl/fbAQLP

exports[`MultiText Component MultiText snapshot test 1`] = `
<div
  className="TopLevelDisplay"
>
  <h1>
    Multi Text Analysis
  </h1>
  <div
    className="dropdown-container"
  >
    <section
      className="container"
    >
      <div
        className="sc-AxjAm edvKor dropzone"
        onBlur={[Function]}
        onClick={[Function]}
        onDragEnter={[Function]}
        onDragLeave={[Function]}
        onDragOver={[Function]}
        onDrop={[Function]}
        onFocus={[Function]}
        onKeyDown={[Function]}
        tabIndex={0}
      >
        <input
          autoComplete="off"
          multiple={true}
          onChange={[Function]}
          onClick={[Function]}
          style={
            Object {
              "display": "none",
            }
          }
          tabIndex={-1}
          type="file"
        />
        <p>
          Drag 'n' drop some files here, or click to select files
        </p>
      </div>
      <aside
        className="MultiTxt__aside"
      >
        <h4>
          Uploaded Files
        </h4>
        <ul />
      </aside>
    </section>
  </div>
  <div
    className="container"
  >
    <div
      className="justify-content-md-center row"
    >
      <div
        className="col-md-4 col-12"
      >
        <button
          className="btn btn-primary"
          disabled={false}
          onClick={[Function]}
          type="button"
        >
          Analyze
        </button>
      </div>
    </div>
  </div>
</div>
`;
