// Jest Snapshot v1, https://goo.gl/fbAQLP

exports[`SingleTextAnalysis Component SingleTextAnalysisComponent snapshot test 1`] = `<div />`;
